collect-and-deploy	Set up job	﻿2026-10-05T05:05:12.8161238Z Current runner version: '2.337.0'
collect-and-deploy	Set up job	2026-10-05T05:05:12.8186911Z ##[group]Runner Image Provisioner
collect-and-deploy	Set up job	2026-10-05T05:05:12.8187754Z Hosted Compute Agent
collect-and-deploy	Set up job	2026-10-05T05:05:12.8188463Z Version: 20260901.588
collect-and-deploy	Set up job	2026-10-05T05:05:12.8189095Z Commit: f88ec8081b781fac6c440065ac7ff9e710ce3d0b
collect-and-deploy	Set up job	2026-10-05T05:05:12.8189816Z Build Date: 2026-09-01T19:56:44Z
collect-and-deploy	Set up job	2026-10-05T05:05:12.8190563Z Worker ID: {17c70433-d1e8-4623-b9f4-995c9a8a61d2}
collect-and-deploy	Set up job	2026-10-05T05:05:12.8191284Z Azure Region: northcentralus
collect-and-deploy	Set up job	2026-10-05T05:05:12.8191991Z ##[endgroup]
collect-and-deploy	Set up job	2026-10-05T05:05:12.8193837Z ##[group]Operating System
collect-and-deploy	Set up job	2026-10-05T05:05:12.8194482Z Ubuntu
collect-and-deploy	Set up job	2026-10-05T05:05:12.8195112Z 24.04.5
collect-and-deploy	Set up job	2026-10-05T05:05:12.8195625Z LTS
collect-and-deploy	Set up job	2026-10-05T05:05:12.8196176Z ##[endgroup]
collect-and-deploy	Set up job	2026-10-05T05:05:12.8196775Z ##[group]Runner Image
collect-and-deploy	Set up job	2026-10-05T05:05:12.8197380Z Image: ubuntu-24.04
collect-and-deploy	Set up job	2026-10-05T05:05:12.8198001Z Version: 20260927.320.1
collect-and-deploy	Set up job	2026-10-05T05:05:12.8199089Z Included Software: https://github.com/actions/runner-images/blob/ubuntu24/20260927.320/images/ubuntu/Ubuntu2404-Readme.md
collect-and-deploy	Set up job	2026-10-05T05:05:12.8200931Z Image Release: https://github.com/actions/runner-images/releases/tag/ubuntu24%2F20260927.320
collect-and-deploy	Set up job	2026-10-05T05:05:12.8201902Z ##[endgroup]
collect-and-deploy	Set up job	2026-10-05T05:05:12.8203146Z ##[group]GITHUB_TOKEN Permissions
collect-and-deploy	Set up job	2026-10-05T05:05:12.8205626Z Contents: write
collect-and-deploy	Set up job	2026-10-05T05:05:12.8206372Z Metadata: read
collect-and-deploy	Set up job	2026-10-05T05:05:12.8206973Z Pages: write
collect-and-deploy	Set up job	2026-10-05T05:05:12.8207861Z ##[endgroup]
collect-and-deploy	Set up job	2026-10-05T05:05:12.8209931Z Secret source: Actions
collect-and-deploy	Set up job	2026-10-05T05:05:12.8210878Z Cache mode: write
collect-and-deploy	Set up job	2026-10-05T05:05:12.8211888Z Prepare workflow directory
collect-and-deploy	Set up job	2026-10-05T05:05:12.8559492Z Prepare all required actions
collect-and-deploy	Set up job	2026-10-05T05:05:12.8607175Z Getting action download info
collect-and-deploy	Set up job	2026-10-05T05:05:13.1367406Z Download action repository 'actions/checkout@v4' (SHA:11d5960a326750d5838078e36cf38b85af677262)
collect-and-deploy	Set up job	2026-10-05T05:05:13.2281827Z Download action repository 'actions/setup-node@v4' (SHA:49933ea5288caeca8642d1e84afbd3f7d6820020)
collect-and-deploy	Set up job	2026-10-05T05:05:13.3139905Z Download action repository 'actions/configure-pages@v5' (SHA:983d7736d9b0ae728b81ab479565c72886d7745b)
collect-and-deploy	Set up job	2026-10-05T05:05:13.6042304Z Download action repository 'actions/upload-pages-artifact@v3' (SHA:56afc609e74202658d3ffba0e8f6dda462b719fa)
collect-and-deploy	Set up job	2026-10-05T05:05:13.7310543Z Download action repository 'actions/deploy-pages@v4' (SHA:d6db90164ac5ed86f2b6aed7e0febac5b3c0c03e)
collect-and-deploy	Set up job	2026-10-05T05:05:14.2502387Z Getting action download info
collect-and-deploy	Set up job	2026-10-05T05:05:14.3397735Z Download action repository 'actions/upload-artifact@v4' (SHA:ea165f8d65b6e75b540449e92b4886f43607fa02)
collect-and-deploy	Set up job	2026-10-05T05:05:14.4946865Z Complete job name: collect-and-deploy
collect-and-deploy	Run actions/checkout@v4	﻿2026-10-05T05:05:14.5914340Z ##[group]Run actions/checkout@v4
collect-and-deploy	Run actions/checkout@v4	2026-10-05T05:05:14.5915863Z with:
collect-and-deploy	Run actions/checkout@v4	2026-10-05T05:05:14.5916936Z   repository: jyb635050-ai/fuelwatch-ph
collect-and-deploy	Run actions/checkout@v4	2026-10-05T05:05:14.5926652Z   token: ***
collect-and-deploy	Run actions/checkout@v4	2026-10-05T05:05:14.5927655Z   ssh-strict: true
collect-and-deploy	Run actions/checkout@v4	2026-10-05T05:05:14.5928600Z   ssh-user: git
collect-and-deploy	Run actions/checkout@v4	2026-10-05T05:05:14.5929538Z   persist-credentials: true
collect-and-deploy	Run actions/checkout@v4	2026-10-05T05:05:14.5930643Z   clean: true
collect-and-deploy	Run actions/checkout@v4	2026-10-05T05:05:14.5931658Z   sparse-checkout-cone-mode: true
collect-and-deploy	Run actions/checkout@v4	2026-10-05T05:05:14.5932833Z   fetch-depth: 1
collect-and-deploy	Run actions/checkout@v4	2026-10-05T05:05:14.5934023Z   fetch-tags: false
collect-and-deploy	Run actions/checkout@v4	2026-10-05T05:05:14.5935039Z   show-progress: true
collect-and-deploy	Run actions/checkout@v4	2026-10-05T05:05:14.5936085Z   lfs: false
collect-and-deploy	Run actions/checkout@v4	2026-10-05T05:05:14.5937017Z   submodules: false
collect-and-deploy	Run actions/checkout@v4	2026-10-05T05:05:14.5938023Z   set-safe-directory: true
collect-and-deploy	Run actions/checkout@v4	2026-10-05T05:05:14.5939127Z   allow-unsafe-pr-checkout: false
collect-and-deploy	Run actions/checkout@v4	2026-10-05T05:05:14.5940581Z ##[endgroup]
collect-and-deploy	Run actions/checkout@v4	2026-10-05T05:05:14.7080734Z Syncing repository: jyb635050-ai/fuelwatch-ph
collect-and-deploy	Run actions/checkout@v4	2026-10-05T05:05:14.7084140Z ##[group]Getting Git version info
collect-and-deploy	Run actions/checkout@v4	2026-10-05T05:05:14.7085763Z Working directory is '/home/runner/work/fuelwatch-ph/fuelwatch-ph'
collect-and-deploy	Run actions/checkout@v4	2026-10-05T05:05:14.7088205Z [command]/usr/bin/git version
collect-and-deploy	Run actions/checkout@v4	2026-10-05T05:05:14.7089212Z git version 2.55.0
collect-and-deploy	Run actions/checkout@v4	2026-10-05T05:05:14.7125586Z ##[endgroup]
collect-and-deploy	Run actions/checkout@v4	2026-10-05T05:05:14.7135459Z Temporarily overriding HOME='/home/runner/work/_temp/57f454f3-2d2c-490b-ae99-25ec872a663d' before making global git config changes
collect-and-deploy	Run actions/checkout@v4	2026-10-05T05:05:14.7138334Z Adding repository directory to the temporary git global config as a safe directory
collect-and-deploy	Run actions/checkout@v4	2026-10-05T05:05:14.7143721Z [command]/usr/bin/git config --global --add safe.directory /home/runner/work/fuelwatch-ph/fuelwatch-ph
collect-and-deploy	Run actions/checkout@v4	2026-10-05T05:05:14.7199586Z Deleting the contents of '/home/runner/work/fuelwatch-ph/fuelwatch-ph'
collect-and-deploy	Run actions/checkout@v4	2026-10-05T05:05:14.7203042Z ##[group]Initializing the repository
collect-and-deploy	Run actions/checkout@v4	2026-10-05T05:05:14.7208504Z [command]/usr/bin/git init /home/runner/work/fuelwatch-ph/fuelwatch-ph
collect-and-deploy	Run actions/checkout@v4	2026-10-05T05:05:14.7317917Z hint: Using 'master' as the name for the initial branch. This default branch name
collect-and-deploy	Run actions/checkout@v4	2026-10-05T05:05:14.7321750Z hint: will change to "main" in Git 3.0. To configure the initial branch name
collect-and-deploy	Run actions/checkout@v4	2026-10-05T05:05:14.7325853Z hint: to use in all of your new repositories, which will suppress this warning,
collect-and-deploy	Run actions/checkout@v4	2026-10-05T05:05:14.7327773Z hint: call:
collect-and-deploy	Run actions/checkout@v4	2026-10-05T05:05:14.7329409Z hint:
collect-and-deploy	Run actions/checkout@v4	2026-10-05T05:05:14.7330915Z hint: 	git config --global init.defaultBranch <name>
collect-and-deploy	Run actions/checkout@v4	2026-10-05T05:05:14.7332663Z hint:
collect-and-deploy	Run actions/checkout@v4	2026-10-05T05:05:14.7335118Z hint: Names commonly chosen instead of 'master' are 'main', 'trunk' and
collect-and-deploy	Run actions/checkout@v4	2026-10-05T05:05:14.7337368Z hint: 'development'. The just-created branch can be renamed via this command:
collect-and-deploy	Run actions/checkout@v4	2026-10-05T05:05:14.7339087Z hint:
collect-and-deploy	Run actions/checkout@v4	2026-10-05T05:05:14.7340471Z hint: 	git branch -m <name>
collect-and-deploy	Run actions/checkout@v4	2026-10-05T05:05:14.7342467Z hint:
collect-and-deploy	Run actions/checkout@v4	2026-10-05T05:05:14.7345004Z hint: Disable this message with "git config set advice.defaultBranchName false"
collect-and-deploy	Run actions/checkout@v4	2026-10-05T05:05:14.7349149Z Initialized empty Git repository in /home/runner/work/fuelwatch-ph/fuelwatch-ph/.git/
collect-and-deploy	Run actions/checkout@v4	2026-10-05T05:05:14.7356587Z [command]/usr/bin/git remote add origin https://github.com/jyb635050-ai/fuelwatch-ph
collect-and-deploy	Run actions/checkout@v4	2026-10-05T05:05:14.7397271Z ##[endgroup]
collect-and-deploy	Run actions/checkout@v4	2026-10-05T05:05:14.7399633Z ##[group]Disabling automatic garbage collection
collect-and-deploy	Run actions/checkout@v4	2026-10-05T05:05:14.7401742Z [command]/usr/bin/git config --local gc.auto 0
collect-and-deploy	Run actions/checkout@v4	2026-10-05T05:05:14.7448337Z ##[endgroup]
collect-and-deploy	Run actions/checkout@v4	2026-10-05T05:05:14.7450847Z ##[group]Setting up auth
collect-and-deploy	Run actions/checkout@v4	2026-10-05T05:05:14.7453781Z [command]/usr/bin/git config --local --name-only --get-regexp core\.sshCommand
collect-and-deploy	Run actions/checkout@v4	2026-10-05T05:05:14.7492888Z [command]/usr/bin/git submodule foreach --recursive sh -c "git config --local --name-only --get-regexp 'core\.sshCommand' && git config --local --unset-all 'core.sshCommand' || :"
collect-and-deploy	Run actions/checkout@v4	2026-10-05T05:05:14.7899263Z [command]/usr/bin/git config --local --name-only --get-regexp http\.https\:\/\/github\.com\/\.extraheader
collect-and-deploy	Run actions/checkout@v4	2026-10-05T05:05:14.7946209Z [command]/usr/bin/git submodule foreach --recursive sh -c "git config --local --name-only --get-regexp 'http\.https\:\/\/github\.com\/\.extraheader' && git config --local --unset-all 'http.https://github.com/.extraheader' || :"
collect-and-deploy	Run actions/checkout@v4	2026-10-05T05:05:14.8186972Z [command]/usr/bin/git config --local --name-only --get-regexp ^includeIf\.gitdir:
collect-and-deploy	Run actions/checkout@v4	2026-10-05T05:05:14.8227027Z [command]/usr/bin/git submodule foreach --recursive git config --local --show-origin --name-only --get-regexp remote.origin.url
collect-and-deploy	Run actions/checkout@v4	2026-10-05T05:05:14.8482002Z [command]/usr/bin/git config --local http.https://github.com/.extraheader AUTHORIZATION: basic ***
collect-and-deploy	Run actions/checkout@v4	2026-10-05T05:05:14.8527974Z ##[endgroup]
collect-and-deploy	Run actions/checkout@v4	2026-10-05T05:05:14.8530941Z ##[group]Fetching the repository
collect-and-deploy	Run actions/checkout@v4	2026-10-05T05:05:14.8543511Z [command]/usr/bin/git -c protocol.version=2 fetch --no-tags --prune --no-recurse-submodules --depth=1 origin +e088e331d7e75d642bb5f7c967cf9a688e64398f:refs/remotes/origin/main
collect-and-deploy	Run actions/checkout@v4	2026-10-05T05:05:15.7379411Z From https://github.com/jyb635050-ai/fuelwatch-ph
collect-and-deploy	Run actions/checkout@v4	2026-10-05T05:05:15.7381968Z  * [new ref]         e088e331d7e75d642bb5f7c967cf9a688e64398f -> origin/main
collect-and-deploy	Run actions/checkout@v4	2026-10-05T05:05:15.7386217Z ##[endgroup]
collect-and-deploy	Run actions/checkout@v4	2026-10-05T05:05:15.7387434Z ##[group]Determining the checkout info
collect-and-deploy	Run actions/checkout@v4	2026-10-05T05:05:15.7389576Z ##[endgroup]
collect-and-deploy	Run actions/checkout@v4	2026-10-05T05:05:15.7398004Z [command]/usr/bin/git sparse-checkout disable
collect-and-deploy	Run actions/checkout@v4	2026-10-05T05:05:15.7451387Z [command]/usr/bin/git config --local --unset-all extensions.worktreeConfig
collect-and-deploy	Run actions/checkout@v4	2026-10-05T05:05:15.7490895Z ##[group]Checking out the ref
collect-and-deploy	Run actions/checkout@v4	2026-10-05T05:05:15.7494954Z [command]/usr/bin/git checkout --progress --force -B main refs/remotes/origin/main
collect-and-deploy	Run actions/checkout@v4	2026-10-05T05:05:15.8010782Z Switched to a new branch 'main'
collect-and-deploy	Run actions/checkout@v4	2026-10-05T05:05:15.8017457Z branch 'main' set up to track 'origin/main'.
collect-and-deploy	Run actions/checkout@v4	2026-10-05T05:05:15.8023897Z ##[endgroup]
collect-and-deploy	Run actions/checkout@v4	2026-10-05T05:05:15.8067248Z [command]/usr/bin/git log -1 --format=%H
collect-and-deploy	Run actions/checkout@v4	2026-10-05T05:05:15.8093770Z e088e331d7e75d642bb5f7c967cf9a688e64398f
collect-and-deploy	Run actions/setup-node@v4	﻿2026-10-05T05:05:15.8365177Z ##[group]Run actions/setup-node@v4
collect-and-deploy	Run actions/setup-node@v4	2026-10-05T05:05:15.8365566Z with:
collect-and-deploy	Run actions/setup-node@v4	2026-10-05T05:05:15.8365823Z   node-version: 24
collect-and-deploy	Run actions/setup-node@v4	2026-10-05T05:05:15.8366095Z   always-auth: false
collect-and-deploy	Run actions/setup-node@v4	2026-10-05T05:05:15.8366374Z   check-latest: false
collect-and-deploy	Run actions/setup-node@v4	2026-10-05T05:05:15.8369161Z   token: ***
collect-and-deploy	Run actions/setup-node@v4	2026-10-05T05:05:15.8369430Z ##[endgroup]
collect-and-deploy	Run actions/setup-node@v4	2026-10-05T05:05:15.9807368Z Found in cache @ /opt/hostedtoolcache/node/24.21.0/x64
collect-and-deploy	Run actions/setup-node@v4	2026-10-05T05:05:15.9811148Z (node:2310) [DEP0040] DeprecationWarning: The `punycode` module is deprecated. Please use a userland alternative instead.
collect-and-deploy	Run actions/setup-node@v4	2026-10-05T05:05:15.9812245Z (Use `node --trace-deprecation ...` to show where the warning was created)
collect-and-deploy	Run actions/setup-node@v4	2026-10-05T05:05:15.9814282Z ##[group]Environment details
collect-and-deploy	Run actions/setup-node@v4	2026-10-05T05:05:16.3992489Z node: v24.21.0
collect-and-deploy	Run actions/setup-node@v4	2026-10-05T05:05:16.3994061Z npm: 11.19.0
collect-and-deploy	Run actions/setup-node@v4	2026-10-05T05:05:16.3994554Z yarn: 1.22.22
collect-and-deploy	Run actions/setup-node@v4	2026-10-05T05:05:16.3995381Z ##[endgroup]
collect-and-deploy	Install PDF reader inside this project only	﻿2026-10-05T05:05:16.4127659Z ##[group]Run python -m pip install --target .utility-deps pypdf==6.10.0
collect-and-deploy	Install PDF reader inside this project only	2026-10-05T05:05:16.4128323Z ^[[36;1mpython -m pip install --target .utility-deps pypdf==6.10.0^[[0m
collect-and-deploy	Install PDF reader inside this project only	2026-10-05T05:05:16.4400843Z shell: /usr/bin/bash -e {0}
collect-and-deploy	Install PDF reader inside this project only	2026-10-05T05:05:16.4401306Z ##[endgroup]
collect-and-deploy	Install PDF reader inside this project only	2026-10-05T05:05:18.3331245Z Collecting pypdf==6.10.0
collect-and-deploy	Install PDF reader inside this project only	2026-10-05T05:05:18.3630372Z   Downloading pypdf-6.10.0-py3-none-any.whl.metadata (7.1 kB)
collect-and-deploy	Install PDF reader inside this project only	2026-10-05T05:05:18.3792794Z Downloading pypdf-6.10.0-py3-none-any.whl (334 kB)
collect-and-deploy	Install PDF reader inside this project only	2026-10-05T05:05:18.3968654Z    ━━━━━━━━━━━━━━━━━━━━━━━━━━━━━━━━━━━━━━━━ 334.5/334.5 kB 21.6 MB/s eta 0:00:00
collect-and-deploy	Install PDF reader inside this project only	2026-10-05T05:05:18.6742021Z Installing collected packages: pypdf
collect-and-deploy	Install PDF reader inside this project only	2026-10-05T05:05:18.8990294Z Successfully installed pypdf-6.10.0
collect-and-deploy	Collect dated official references and explicit source failures	﻿2026-10-05T05:05:18.9519682Z ##[group]Run python tools/fetch_utilities.py
collect-and-deploy	Collect dated official references and explicit source failures	2026-10-05T05:05:18.9520154Z ^[[36;1mpython tools/fetch_utilities.py^[[0m
collect-and-deploy	Collect dated official references and explicit source failures	2026-10-05T05:05:18.9520478Z ^[[36;1mpython tools/fetch_network.py^[[0m
collect-and-deploy	Collect dated official references and explicit source failures	2026-10-05T05:05:18.9583042Z shell: /usr/bin/bash -e {0}
collect-and-deploy	Collect dated official references and explicit source failures	2026-10-05T05:05:18.9583593Z ##[endgroup]
collect-and-deploy	Collect dated official references and explicit source failures	2026-10-05T05:05:27.8716946Z {"checked_at": "2026-10-05", "categories": [{"id": "water", "status": "reference", "observations": [{"provider": "Maynilad", "region": "Greater Manila West Zone", "value": 52.86, "unit": "PHP/m³", "as_of": "2026-10-01", "scope": "Average basic charge in dated FCDA notice; excludes bill-specific additions", "source_url": "https://www.mayniladwater.com.ph/notice-to-maynilad-customers-foreign-currency-differential-adjustment-fcda-effective-october-1-2026/"}]}, {"id": "electricity", "status": "historical", "observations": [{"provider": "Meralco", "region": "Meralco service area", "value": 14.7424, "unit": "PHP/kWh", "as_of": "2026-09-11", "scope": "Typical residential overall rate; business tariff unverified", "source_url": "https://meralcomain.s3.ap-southeast-1.amazonaws.com/2026-09/english_press_release-_meralco_september_2026_rates.pdf"}]}, {"id": "lpg", "status": "historical", "observations": [{"provider": "DOE NCR survey", "region": "NCR", "min": 1025.0, "max": 1535.0, "common": 1341.0, "unit": "PHP / 11 kg cylinder", "as_of": "2026-09-01", "period_end": "2026-09-07", "scope": "Household 11 kg LPG survey; not natural gas", "source_url": "https://d24qbtp4vooyzi.cloudfront.net/api/media/file/NCR%20September%202026%20LPG%20Price%20Monitoring.pdf?prefix=dev%2Fmedia"}]}]}
collect-and-deploy	Collect dated official references and explicit source failures	2026-10-05T05:05:29.4649471Z {"rows": 19, "providers": [{"provider": "PLDT", "source_url": "https://www.pldthome.com/internet", "checked_at": "2026-10-05", "status": "fetch-failed", "error": "Unique Fiber Unli comparison table missing"}, {"provider": "Globe", "source_url": "https://gfiberprepaid.globe.com.ph/", "checked_at": "2026-10-05", "status": "observed"}, {"provider": "Converge", "source_url": "https://www.convergeict.com/super-fiberx", "checked_at": "2026-10-05", "status": "fetch-failed", "error": "Command '['curl', '-f', '-sS', '-L', '--user-agent', 'Mozilla/5.0 (Windows NT 10.0; Win64; x64) AppleWebKit/537.36 (KHTML, like Gecko) Chrome/140.0.0.0 Safari/537.36', '--retry', '1', '--max-time', '3"}, {"provider": "Smart", "source_url": "https://store.smart.com.ph/smart-bro/power-all-99/1601900800.html", "checked_at": "2026-10-05", "status": "observed"}, {"provider": "DITO", "source_url": "https://dito.ph/prepaid/level-up", "checked_at": "2026-10-05", "status": "observed"}]}
collect-and-deploy	Validate original frozen acceptance	﻿2026-10-05T05:05:29.4746979Z ##[group]Run node tools/validate_utilities.mjs
collect-and-deploy	Validate original frozen acceptance	2026-10-05T05:05:29.4747407Z ^[[36;1mnode tools/validate_utilities.mjs^[[0m
collect-and-deploy	Validate original frozen acceptance	2026-10-05T05:05:29.4747759Z ^[[36;1mnode tools/validate_network.mjs^[[0m
collect-and-deploy	Validate original frozen acceptance	2026-10-05T05:05:29.4748058Z ^[[36;1mnode docs/acceptance.mjs all^[[0m
collect-and-deploy	Validate original frozen acceptance	2026-10-05T05:05:29.4810201Z shell: /usr/bin/bash -e {0}
collect-and-deploy	Validate original frozen acceptance	2026-10-05T05:05:29.4810492Z ##[endgroup]
collect-and-deploy	Validate original frozen acceptance	2026-10-05T05:05:29.5183176Z PASS utilities: 3 separate categories; official source hosts; dated observations; tariff classes explicit; unavailable natural gas removed
collect-and-deploy	Validate original frozen acceptance	2026-10-05T05:05:29.5505916Z PASS network: 19 dated official offers; 5 provider checks; billing periods distinct; no inferred effective dates
collect-and-deploy	Validate original frozen acceptance	2026-10-05T05:05:29.6160218Z PASS stations: total=10842 >=10500; missing_coordinates=0; brands=40 <=40; no case variants
collect-and-deploy	Validate original frozen acceptance	2026-10-05T05:05:29.6170406Z PASS prices: rows=18 >=15; source_url=http; as_of=2026-09-29 within 21 days; duplicates=0 (data/prices.json)
collect-and-deploy	Validate original frozen acceptance	2026-10-05T05:05:29.6177862Z PASS page: openfreemap; clustered stations; no Marker; 非该站实测; dated history
collect-and-deploy	Retain observed source history	﻿2026-10-05T05:05:29.6263100Z ##[group]Run git add data/utility-prices.json data/utility-bundle.js data/utility-snapshots data/network-prices.json data/network-bundle.js data/network-snapshots
collect-and-deploy	Retain observed source history	2026-10-05T05:05:29.6264591Z ^[[36;1mgit add data/utility-prices.json data/utility-bundle.js data/utility-snapshots data/network-prices.json data/network-bundle.js data/network-snapshots^[[0m
collect-and-deploy	Retain observed source history	2026-10-05T05:05:29.6265300Z ^[[36;1mif ! git diff --cached --quiet; then^[[0m
collect-and-deploy	Retain observed source history	2026-10-05T05:05:29.6266023Z ^[[36;1m  git -c user.name='github-actions[bot]' -c user.email='41898282+github-actions[bot]@users.noreply.github.com' commit -m 'Monitor dated official utility references'^[[0m
collect-and-deploy	Retain observed source history	2026-10-05T05:05:29.6266728Z ^[[36;1m  git push^[[0m
collect-and-deploy	Retain observed source history	2026-10-05T05:05:29.6266984Z ^[[36;1mfi^[[0m
collect-and-deploy	Retain observed source history	2026-10-05T05:05:29.6329916Z shell: /usr/bin/bash -e {0}
collect-and-deploy	Retain observed source history	2026-10-05T05:05:29.6330193Z ##[endgroup]
collect-and-deploy	Retain observed source history	2026-10-05T05:05:29.6916275Z [main d2d0d4c] Monitor dated official utility references
collect-and-deploy	Retain observed source history	2026-10-05T05:05:29.6917255Z  2 files changed, 2 insertions(+), 2 deletions(-)
collect-and-deploy	Retain observed source history	2026-10-05T05:05:30.6773798Z To https://github.com/jyb635050-ai/fuelwatch-ph
collect-and-deploy	Retain observed source history	2026-10-05T05:05:30.6774765Z    e088e33..d2d0d4c  main -> main
collect-and-deploy	Prepare complete static client	﻿2026-10-05T05:05:30.6873025Z ##[group]Run mkdir -p .site/data
collect-and-deploy	Prepare complete static client	2026-10-05T05:05:30.6873726Z ^[[36;1mmkdir -p .site/data^[[0m
collect-and-deploy	Prepare complete static client	2026-10-05T05:05:30.6874153Z ^[[36;1mcp index.html upgrade.css upgrade.js network.css network.js presyo-icon.svg .site/^[[0m
collect-and-deploy	Prepare complete static client	2026-10-05T05:05:30.6875090Z ^[[36;1mcp data/stations.json data/prices.json data/history.json data/bundle.js data/utility-bundle.js data/utility-prices.json data/network-bundle.js data/network-prices.json .site/data/^[[0m
collect-and-deploy	Prepare complete static client	2026-10-05T05:05:30.6937963Z shell: /usr/bin/bash -e {0}
collect-and-deploy	Prepare complete static client	2026-10-05T05:05:30.6938215Z ##[endgroup]
collect-and-deploy	Run actions/configure-pages@v5	﻿2026-10-05T05:05:30.7125329Z ##[group]Run actions/configure-pages@v5
collect-and-deploy	Run actions/configure-pages@v5	2026-10-05T05:05:30.7125630Z with:
collect-and-deploy	Run actions/configure-pages@v5	2026-10-05T05:05:30.7128241Z   token: ***
collect-and-deploy	Run actions/configure-pages@v5	2026-10-05T05:05:30.7128438Z   enablement: false
collect-and-deploy	Run actions/configure-pages@v5	2026-10-05T05:05:30.7128641Z ##[endgroup]
collect-and-deploy	Run actions/upload-pages-artifact@v3	﻿2026-10-05T05:05:31.0482107Z ##[group]Run actions/upload-pages-artifact@v3
collect-and-deploy	Run actions/upload-pages-artifact@v3	2026-10-05T05:05:31.0482444Z with:
collect-and-deploy	Run actions/upload-pages-artifact@v3	2026-10-05T05:05:31.0482644Z   path: .site
collect-and-deploy	Run actions/upload-pages-artifact@v3	2026-10-05T05:05:31.0482847Z   name: github-pages
collect-and-deploy	Run actions/upload-pages-artifact@v3	2026-10-05T05:05:31.0483065Z   retention-days: 1
collect-and-deploy	Run actions/upload-pages-artifact@v3	2026-10-05T05:05:31.0483575Z env:
collect-and-deploy	Run actions/upload-pages-artifact@v3	2026-10-05T05:05:31.0483793Z   GITHUB_PAGES: true
collect-and-deploy	Run actions/upload-pages-artifact@v3	2026-10-05T05:05:31.0484009Z ##[endgroup]
collect-and-deploy	Run actions/upload-pages-artifact@v3	2026-10-05T05:05:31.0544197Z ##[start-action display=Archive artifact;id=__actions_upload-pages-artifact.__run]
collect-and-deploy	Run actions/upload-pages-artifact@v3	2026-10-05T05:05:31.0569728Z ##[group]Run echo ::group::Archive artifact
collect-and-deploy	Run actions/upload-pages-artifact@v3	2026-10-05T05:05:31.0570052Z ^[[36;1mecho ::group::Archive artifact^[[0m
collect-and-deploy	Run actions/upload-pages-artifact@v3	2026-10-05T05:05:31.0570490Z ^[[36;1mtar \^[[0m
collect-and-deploy	Run actions/upload-pages-artifact@v3	2026-10-05T05:05:31.0570750Z ^[[36;1m  --dereference --hard-dereference \^[[0m
collect-and-deploy	Run actions/upload-pages-artifact@v3	2026-10-05T05:05:31.0571063Z ^[[36;1m  --directory "$INPUT_PATH" \^[[0m
collect-and-deploy	Run actions/upload-pages-artifact@v3	2026-10-05T05:05:31.0571356Z ^[[36;1m  -cvf "$RUNNER_TEMP/artifact.tar" \^[[0m
collect-and-deploy	Run actions/upload-pages-artifact@v3	2026-10-05T05:05:31.0571657Z ^[[36;1m  --exclude=.git \^[[0m
collect-and-deploy	Run actions/upload-pages-artifact@v3	2026-10-05T05:05:31.0571897Z ^[[36;1m  --exclude=.github \^[[0m
collect-and-deploy	Run actions/upload-pages-artifact@v3	2026-10-05T05:05:31.0572155Z ^[[36;1m  .^[[0m
collect-and-deploy	Run actions/upload-pages-artifact@v3	2026-10-05T05:05:31.0572353Z ^[[36;1mecho ::endgroup::^[[0m
collect-and-deploy	Run actions/upload-pages-artifact@v3	2026-10-05T05:05:31.0599107Z shell: /usr/bin/sh -e {0}
collect-and-deploy	Run actions/upload-pages-artifact@v3	2026-10-05T05:05:31.0599356Z env:
collect-and-deploy	Run actions/upload-pages-artifact@v3	2026-10-05T05:05:31.0599549Z   GITHUB_PAGES: true
collect-and-deploy	Run actions/upload-pages-artifact@v3	2026-10-05T05:05:31.0599768Z   INPUT_PATH: .site
collect-and-deploy	Run actions/upload-pages-artifact@v3	2026-10-05T05:05:31.0599967Z ##[endgroup]
collect-and-deploy	Run actions/upload-pages-artifact@v3	2026-10-05T05:05:31.0640288Z ##[group]Archive artifact
collect-and-deploy	Run actions/upload-pages-artifact@v3	2026-10-05T05:05:31.0654075Z ./
collect-and-deploy	Run actions/upload-pages-artifact@v3	2026-10-05T05:05:31.0654460Z ./upgrade.js
collect-and-deploy	Run actions/upload-pages-artifact@v3	2026-10-05T05:05:31.0654861Z ./presyo-icon.svg
collect-and-deploy	Run actions/upload-pages-artifact@v3	2026-10-05T05:05:31.0655223Z ./network.js
collect-and-deploy	Run actions/upload-pages-artifact@v3	2026-10-05T05:05:31.0655521Z ./network.css
collect-and-deploy	Run actions/upload-pages-artifact@v3	2026-10-05T05:05:31.0664090Z ./index.html
collect-and-deploy	Run actions/upload-pages-artifact@v3	2026-10-05T05:05:31.0674140Z ./data/
collect-and-deploy	Run actions/upload-pages-artifact@v3	2026-10-05T05:05:31.0674540Z ./data/network-bundle.js
collect-and-deploy	Run actions/upload-pages-artifact@v3	2026-10-05T05:05:31.0674972Z ./data/history.json
collect-and-deploy	Run actions/upload-pages-artifact@v3	2026-10-05T05:05:31.0675344Z ./data/prices.json
collect-and-deploy	Run actions/upload-pages-artifact@v3	2026-10-05T05:05:31.0675646Z ./data/utility-prices.json
collect-and-deploy	Run actions/upload-pages-artifact@v3	2026-10-05T05:05:31.0675939Z ./data/bundle.js
collect-and-deploy	Run actions/upload-pages-artifact@v3	2026-10-05T05:05:31.0676181Z ./data/utility-bundle.js
collect-and-deploy	Run actions/upload-pages-artifact@v3	2026-10-05T05:05:31.0676447Z ./data/network-prices.json
collect-and-deploy	Run actions/upload-pages-artifact@v3	2026-10-05T05:05:31.0676741Z ./data/stations.json
collect-and-deploy	Run actions/upload-pages-artifact@v3	2026-10-05T05:05:31.0677441Z ./upgrade.css
collect-and-deploy	Run actions/upload-pages-artifact@v3	2026-10-05T05:05:31.0680170Z ##[endgroup]
collect-and-deploy	Run actions/upload-pages-artifact@v3	2026-10-05T05:05:31.0692294Z ##[end-action id=__actions_upload-pages-artifact.__run;outcome=success;conclusion=success;duration_ms=14]
collect-and-deploy	Run actions/upload-pages-artifact@v3	2026-10-05T05:05:31.0695623Z ##[start-action display=Archive artifact;id=__actions_upload-pages-artifact.__run_2]
collect-and-deploy	Run actions/upload-pages-artifact@v3	2026-10-05T05:05:31.0700342Z ##[end-action id=__actions_upload-pages-artifact.__run_2;outcome=skipped;conclusion=skipped;duration_ms=0]
collect-and-deploy	Run actions/upload-pages-artifact@v3	2026-10-05T05:05:31.0702938Z ##[start-action display=Archive artifact;id=__actions_upload-pages-artifact.__run_3]
collect-and-deploy	Run actions/upload-pages-artifact@v3	2026-10-05T05:05:31.0706906Z ##[end-action id=__actions_upload-pages-artifact.__run_3;outcome=skipped;conclusion=skipped;duration_ms=0]
collect-and-deploy	Run actions/upload-pages-artifact@v3	2026-10-05T05:05:31.0708876Z ##[start-action display=Upload artifact;id=__actions_upload-pages-artifact.upload-artifact]
collect-and-deploy	Run actions/upload-pages-artifact@v3	2026-10-05T05:05:31.0759742Z ##[group]Run actions/upload-artifact@v4
collect-and-deploy	Run actions/upload-pages-artifact@v3	2026-10-05T05:05:31.0760019Z with:
collect-and-deploy	Run actions/upload-pages-artifact@v3	2026-10-05T05:05:31.0760208Z   name: github-pages
collect-and-deploy	Run actions/upload-pages-artifact@v3	2026-10-05T05:05:31.0760464Z   path: /home/runner/work/_temp/artifact.tar
collect-and-deploy	Run actions/upload-pages-artifact@v3	2026-10-05T05:05:31.0760753Z   retention-days: 1
collect-and-deploy	Run actions/upload-pages-artifact@v3	2026-10-05T05:05:31.0760967Z   if-no-files-found: error
collect-and-deploy	Run actions/upload-pages-artifact@v3	2026-10-05T05:05:31.0761196Z   compression-level: 6
collect-and-deploy	Run actions/upload-pages-artifact@v3	2026-10-05T05:05:31.0761410Z   overwrite: false
collect-and-deploy	Run actions/upload-pages-artifact@v3	2026-10-05T05:05:31.0761622Z   include-hidden-files: false
collect-and-deploy	Run actions/upload-pages-artifact@v3	2026-10-05T05:05:31.0761848Z env:
collect-and-deploy	Run actions/upload-pages-artifact@v3	2026-10-05T05:05:31.0762027Z   GITHUB_PAGES: true
collect-and-deploy	Run actions/upload-pages-artifact@v3	2026-10-05T05:05:31.0762227Z ##[endgroup]
collect-and-deploy	Run actions/upload-pages-artifact@v3	2026-10-05T05:05:31.2379447Z (node:2465) [DEP0040] DeprecationWarning: The `punycode` module is deprecated. Please use a userland alternative instead.
collect-and-deploy	Run actions/upload-pages-artifact@v3	2026-10-05T05:05:31.2381025Z (Use `node --trace-deprecation ...` to show where the warning was created)
collect-and-deploy	Run actions/upload-pages-artifact@v3	2026-10-05T05:05:31.2441980Z With the provided path, there will be 1 file uploaded
collect-and-deploy	Run actions/upload-pages-artifact@v3	2026-10-05T05:05:31.2450114Z Artifact name is valid!
collect-and-deploy	Run actions/upload-pages-artifact@v3	2026-10-05T05:05:31.2451156Z Root directory input is valid!
collect-and-deploy	Run actions/upload-pages-artifact@v3	2026-10-05T05:05:31.5022183Z Beginning upload of artifact content to blob storage
collect-and-deploy	Run actions/upload-pages-artifact@v3	2026-10-05T05:05:31.5773838Z (node:2465) [DEP0169] DeprecationWarning: `url.parse()` behavior is not standardized and prone to errors that have security implications. Use the WHATWG URL API instead. CVEs are not issued for `url.parse()` vulnerabilities.
collect-and-deploy	Run actions/upload-pages-artifact@v3	2026-10-05T05:05:31.7842068Z Uploaded bytes 484292
collect-and-deploy	Run actions/upload-pages-artifact@v3	2026-10-05T05:05:31.8169475Z Finished uploading artifact content to blob storage!
collect-and-deploy	Run actions/upload-pages-artifact@v3	2026-10-05T05:05:31.8170756Z SHA256 digest of uploaded artifact zip is 294f246f595dcc0b564e923973967d80c40bbe52c0a60d189c4f5d4fc5677eb5
collect-and-deploy	Run actions/upload-pages-artifact@v3	2026-10-05T05:05:31.8172400Z Finalizing artifact upload
collect-and-deploy	Run actions/upload-pages-artifact@v3	2026-10-05T05:05:32.0613521Z Artifact github-pages.zip successfully finalized. Artifact ID 11326920166
collect-and-deploy	Run actions/upload-pages-artifact@v3	2026-10-05T05:05:32.0615847Z Artifact github-pages has been successfully uploaded! Final size is 484292 bytes. Artifact ID is 11326920166
collect-and-deploy	Run actions/upload-pages-artifact@v3	2026-10-05T05:05:32.0621686Z Artifact download URL: https://github.com/jyb635050-ai/fuelwatch-ph/actions/runs/37266214067/artifacts/11326920166
collect-and-deploy	Run actions/upload-pages-artifact@v3	2026-10-05T05:05:32.0729638Z ##[end-action id=__actions_upload-pages-artifact.upload-artifact;outcome=success;conclusion=success;duration_ms=1001]
collect-and-deploy	Publish complete client	﻿2026-10-05T05:05:32.0805891Z ##[group]Run actions/deploy-pages@v4
collect-and-deploy	Publish complete client	2026-10-05T05:05:32.0806195Z with:
collect-and-deploy	Publish complete client	2026-10-05T05:05:32.0808852Z   token: ***
collect-and-deploy	Publish complete client	2026-10-05T05:05:32.0809056Z   timeout: 600000
collect-and-deploy	Publish complete client	2026-10-05T05:05:32.0809260Z   error_count: 10
collect-and-deploy	Publish complete client	2026-10-05T05:05:32.0809464Z   reporting_interval: 5000
collect-and-deploy	Publish complete client	2026-10-05T05:05:32.0809708Z   artifact_name: github-pages
collect-and-deploy	Publish complete client	2026-10-05T05:05:32.0809946Z   preview: false
collect-and-deploy	Publish complete client	2026-10-05T05:05:32.0810145Z env:
collect-and-deploy	Publish complete client	2026-10-05T05:05:32.0810335Z   GITHUB_PAGES: true
collect-and-deploy	Publish complete client	2026-10-05T05:05:32.0810542Z ##[endgroup]
collect-and-deploy	Publish complete client	2026-10-05T05:05:32.2671406Z (node:2477) [DEP0040] DeprecationWarning: The `punycode` module is deprecated. Please use a userland alternative instead.
collect-and-deploy	Publish complete client	2026-10-05T05:05:32.2673053Z (Use `node --trace-deprecation ...` to show where the warning was created)
collect-and-deploy	Publish complete client	2026-10-05T05:05:32.3709502Z Fetching artifact metadata for "github-pages" in this workflow run
collect-and-deploy	Publish complete client	2026-10-05T05:05:32.4926320Z Found 1 artifact(s)
collect-and-deploy	Publish complete client	2026-10-05T05:05:32.4939655Z Creating Pages deployment with payload:
collect-and-deploy	Publish complete client	2026-10-05T05:05:32.4940583Z {
collect-and-deploy	Publish complete client	2026-10-05T05:05:32.4941132Z 	"artifact_id": 11326920166,
collect-and-deploy	Publish complete client	2026-10-05T05:05:32.4954704Z 	"pages_build_version": "e088e331d7e75d642bb5f7c967cf9a688e64398f",
collect-and-deploy	Publish complete client	2026-10-05T05:05:32.5018657Z 	"oidc_token": "***"
collect-and-deploy	Publish complete client	2026-10-05T05:05:32.5018968Z }
collect-and-deploy	Publish complete client	2026-10-05T05:05:33.7952730Z Created deployment for e088e331d7e75d642bb5f7c967cf9a688e64398f, ID: e088e331d7e75d642bb5f7c967cf9a688e64398f
collect-and-deploy	Publish complete client	2026-10-05T05:05:38.7964509Z Getting Pages deployment status...
collect-and-deploy	Publish complete client	2026-10-05T05:05:38.9682740Z Reported success!
collect-and-deploy	Post Run actions/setup-node@v4	﻿2026-10-05T05:05:38.9896206Z Post job cleanup.
collect-and-deploy	Post Run actions/setup-node@v4	2026-10-05T05:05:39.1107548Z (node:2489) [DEP0040] DeprecationWarning: The `punycode` module is deprecated. Please use a userland alternative instead.
collect-and-deploy	Post Run actions/setup-node@v4	2026-10-05T05:05:39.1109000Z (Use `node --trace-deprecation ...` to show where the warning was created)
collect-and-deploy	Post Run actions/checkout@v4	﻿2026-10-05T05:05:39.1302309Z Post job cleanup.
collect-and-deploy	Post Run actions/checkout@v4	2026-10-05T05:05:39.2176283Z [command]/usr/bin/git version
collect-and-deploy	Post Run actions/checkout@v4	2026-10-05T05:05:39.2223356Z git version 2.55.0
collect-and-deploy	Post Run actions/checkout@v4	2026-10-05T05:05:39.2268410Z Temporarily overriding HOME='/home/runner/work/_temp/0bb4d3c5-c65f-4989-b90d-7203421edaba' before making global git config changes
collect-and-deploy	Post Run actions/checkout@v4	2026-10-05T05:05:39.2270053Z Adding repository directory to the temporary git global config as a safe directory
collect-and-deploy	Post Run actions/checkout@v4	2026-10-05T05:05:39.2274954Z [command]/usr/bin/git config --global --add safe.directory /home/runner/work/fuelwatch-ph/fuelwatch-ph
collect-and-deploy	Post Run actions/checkout@v4	2026-10-05T05:05:39.2313928Z [command]/usr/bin/git config --local --name-only --get-regexp core\.sshCommand
collect-and-deploy	Post Run actions/checkout@v4	2026-10-05T05:05:39.2351517Z [command]/usr/bin/git submodule foreach --recursive sh -c "git config --local --name-only --get-regexp 'core\.sshCommand' && git config --local --unset-all 'core.sshCommand' || :"
collect-and-deploy	Post Run actions/checkout@v4	2026-10-05T05:05:39.2608702Z [command]/usr/bin/git config --local --name-only --get-regexp http\.https\:\/\/github\.com\/\.extraheader
collect-and-deploy	Post Run actions/checkout@v4	2026-10-05T05:05:39.2642212Z http.https://github.com/.extraheader
collect-and-deploy	Post Run actions/checkout@v4	2026-10-05T05:05:39.2658260Z [command]/usr/bin/git config --local --unset-all http.https://github.com/.extraheader
collect-and-deploy	Post Run actions/checkout@v4	2026-10-05T05:05:39.2691087Z [command]/usr/bin/git submodule foreach --recursive sh -c "git config --local --name-only --get-regexp 'http\.https\:\/\/github\.com\/\.extraheader' && git config --local --unset-all 'http.https://github.com/.extraheader' || :"
collect-and-deploy	Post Run actions/checkout@v4	2026-10-05T05:05:39.2955876Z [command]/usr/bin/git config --local --name-only --get-regexp ^includeIf\.gitdir:
collect-and-deploy	Post Run actions/checkout@v4	2026-10-05T05:05:39.2986834Z [command]/usr/bin/git submodule foreach --recursive git config --local --show-origin --name-only --get-regexp remote.origin.url
collect-and-deploy	Complete job	﻿2026-10-05T05:05:39.3380015Z Evaluate and set environment url
collect-and-deploy	Complete job	2026-10-05T05:05:39.3383764Z Evaluated environment url: https://jyb635050-ai.github.io/fuelwatch-ph/
collect-and-deploy	Complete job	2026-10-05T05:05:39.3385024Z Cleaning up orphan processes
collect-and-deploy	Complete job	2026-10-05T05:05:39.3667579Z ##[warning]Node.js 20 is deprecated. The following actions target Node.js 20 but are being forced to run on Node.js 24: actions/checkout@v4, actions/configure-pages@v5, actions/deploy-pages@v4, actions/setup-node@v4, actions/upload-artifact@v4. For more information see: https://github.blog/changelog/2025-09-19-deprecation-of-node-20-on-github-actions-runners/
