collect-and-deploy	Set up job	﻿2026-10-05T05:02:38.1536171Z Current runner version: '2.337.0'
collect-and-deploy	Set up job	2026-10-05T05:02:38.1557439Z ##[group]Runner Image Provisioner
collect-and-deploy	Set up job	2026-10-05T05:02:38.1558164Z Hosted Compute Agent
collect-and-deploy	Set up job	2026-10-05T05:02:38.1558747Z Version: 20260901.588
collect-and-deploy	Set up job	2026-10-05T05:02:38.1559267Z Commit: f88ec8081b781fac6c440065ac7ff9e710ce3d0b
collect-and-deploy	Set up job	2026-10-05T05:02:38.1559886Z Build Date: 2026-09-01T19:56:44Z
collect-and-deploy	Set up job	2026-10-05T05:02:38.1560498Z Worker ID: {46b2c7fd-acf3-4d75-a70b-eab6d3acca00}
collect-and-deploy	Set up job	2026-10-05T05:02:38.1561083Z Azure Region: eastus
collect-and-deploy	Set up job	2026-10-05T05:02:38.1561628Z ##[endgroup]
collect-and-deploy	Set up job	2026-10-05T05:02:38.1563354Z ##[group]Operating System
collect-and-deploy	Set up job	2026-10-05T05:02:38.1563882Z Ubuntu
collect-and-deploy	Set up job	2026-10-05T05:02:38.1564433Z 24.04.5
collect-and-deploy	Set up job	2026-10-05T05:02:38.1564903Z LTS
collect-and-deploy	Set up job	2026-10-05T05:02:38.1565393Z ##[endgroup]
collect-and-deploy	Set up job	2026-10-05T05:02:38.1565848Z ##[group]Runner Image
collect-and-deploy	Set up job	2026-10-05T05:02:38.1566320Z Image: ubuntu-24.04
collect-and-deploy	Set up job	2026-10-05T05:02:38.1566880Z Version: 20260927.320.1
collect-and-deploy	Set up job	2026-10-05T05:02:38.1567736Z Included Software: https://github.com/actions/runner-images/blob/ubuntu24/20260927.320/images/ubuntu/Ubuntu2404-Readme.md
collect-and-deploy	Set up job	2026-10-05T05:02:38.1569182Z Image Release: https://github.com/actions/runner-images/releases/tag/ubuntu24%2F20260927.320
collect-and-deploy	Set up job	2026-10-05T05:02:38.1569940Z ##[endgroup]
collect-and-deploy	Set up job	2026-10-05T05:02:38.1571064Z ##[group]GITHUB_TOKEN Permissions
collect-and-deploy	Set up job	2026-10-05T05:02:38.1573031Z Contents: write
collect-and-deploy	Set up job	2026-10-05T05:02:38.1573560Z Metadata: read
collect-and-deploy	Set up job	2026-10-05T05:02:38.1574019Z Pages: write
collect-and-deploy	Set up job	2026-10-05T05:02:38.1574814Z ##[endgroup]
collect-and-deploy	Set up job	2026-10-05T05:02:38.1576898Z Secret source: Actions
collect-and-deploy	Set up job	2026-10-05T05:02:38.1577912Z Cache mode: write
collect-and-deploy	Set up job	2026-10-05T05:02:38.1578953Z Prepare workflow directory
collect-and-deploy	Set up job	2026-10-05T05:02:38.2508932Z Prepare all required actions
collect-and-deploy	Set up job	2026-10-05T05:02:38.2560335Z Getting action download info
collect-and-deploy	Set up job	2026-10-05T05:02:38.4373772Z Download action repository 'actions/checkout@v4' (SHA:11d5960a326750d5838078e36cf38b85af677262)
collect-and-deploy	Set up job	2026-10-05T05:02:39.0692738Z Download action repository 'actions/setup-node@v4' (SHA:49933ea5288caeca8642d1e84afbd3f7d6820020)
collect-and-deploy	Set up job	2026-10-05T05:02:39.2343736Z Download action repository 'actions/configure-pages@v5' (SHA:983d7736d9b0ae728b81ab479565c72886d7745b)
collect-and-deploy	Set up job	2026-10-05T05:02:39.4658113Z Download action repository 'actions/upload-pages-artifact@v3' (SHA:56afc609e74202658d3ffba0e8f6dda462b719fa)
collect-and-deploy	Set up job	2026-10-05T05:02:39.5643056Z Download action repository 'actions/deploy-pages@v4' (SHA:d6db90164ac5ed86f2b6aed7e0febac5b3c0c03e)
collect-and-deploy	Set up job	2026-10-05T05:02:39.8335191Z Getting action download info
collect-and-deploy	Set up job	2026-10-05T05:02:39.9093629Z Download action repository 'actions/upload-artifact@v4' (SHA:ea165f8d65b6e75b540449e92b4886f43607fa02)
collect-and-deploy	Set up job	2026-10-05T05:02:40.0759372Z Complete job name: collect-and-deploy
collect-and-deploy	Run actions/checkout@v4	﻿2026-10-05T05:02:40.1611084Z ##[group]Run actions/checkout@v4
collect-and-deploy	Run actions/checkout@v4	2026-10-05T05:02:40.1612581Z with:
collect-and-deploy	Run actions/checkout@v4	2026-10-05T05:02:40.1613410Z   repository: jyb635050-ai/fuelwatch-ph
collect-and-deploy	Run actions/checkout@v4	2026-10-05T05:02:40.1619615Z   token: ***
collect-and-deploy	Run actions/checkout@v4	2026-10-05T05:02:40.1620479Z   ssh-strict: true
collect-and-deploy	Run actions/checkout@v4	2026-10-05T05:02:40.1621270Z   ssh-user: git
collect-and-deploy	Run actions/checkout@v4	2026-10-05T05:02:40.1622229Z   persist-credentials: true
collect-and-deploy	Run actions/checkout@v4	2026-10-05T05:02:40.1623094Z   clean: true
collect-and-deploy	Run actions/checkout@v4	2026-10-05T05:02:40.1623946Z   sparse-checkout-cone-mode: true
collect-and-deploy	Run actions/checkout@v4	2026-10-05T05:02:40.1624944Z   fetch-depth: 1
collect-and-deploy	Run actions/checkout@v4	2026-10-05T05:02:40.1625743Z   fetch-tags: false
collect-and-deploy	Run actions/checkout@v4	2026-10-05T05:02:40.1626578Z   show-progress: true
collect-and-deploy	Run actions/checkout@v4	2026-10-05T05:02:40.1627467Z   lfs: false
collect-and-deploy	Run actions/checkout@v4	2026-10-05T05:02:40.1628243Z   submodules: false
collect-and-deploy	Run actions/checkout@v4	2026-10-05T05:02:40.1629088Z   set-safe-directory: true
collect-and-deploy	Run actions/checkout@v4	2026-10-05T05:02:40.1629993Z   allow-unsafe-pr-checkout: false
collect-and-deploy	Run actions/checkout@v4	2026-10-05T05:02:40.1631211Z ##[endgroup]
collect-and-deploy	Run actions/checkout@v4	2026-10-05T05:02:40.2547080Z Syncing repository: jyb635050-ai/fuelwatch-ph
collect-and-deploy	Run actions/checkout@v4	2026-10-05T05:02:40.2550234Z ##[group]Getting Git version info
collect-and-deploy	Run actions/checkout@v4	2026-10-05T05:02:40.2552497Z Working directory is '/home/runner/work/fuelwatch-ph/fuelwatch-ph'
collect-and-deploy	Run actions/checkout@v4	2026-10-05T05:02:40.2555155Z [command]/usr/bin/git version
collect-and-deploy	Run actions/checkout@v4	2026-10-05T05:02:40.2616977Z git version 2.55.0
collect-and-deploy	Run actions/checkout@v4	2026-10-05T05:02:40.2635759Z ##[endgroup]
collect-and-deploy	Run actions/checkout@v4	2026-10-05T05:02:40.2647377Z Temporarily overriding HOME='/home/runner/work/_temp/5bf929d3-62cc-433f-952a-daad97f83da0' before making global git config changes
collect-and-deploy	Run actions/checkout@v4	2026-10-05T05:02:40.2650735Z Adding repository directory to the temporary git global config as a safe directory
collect-and-deploy	Run actions/checkout@v4	2026-10-05T05:02:40.2654150Z [command]/usr/bin/git config --global --add safe.directory /home/runner/work/fuelwatch-ph/fuelwatch-ph
collect-and-deploy	Run actions/checkout@v4	2026-10-05T05:02:40.2706258Z Deleting the contents of '/home/runner/work/fuelwatch-ph/fuelwatch-ph'
collect-and-deploy	Run actions/checkout@v4	2026-10-05T05:02:40.2710837Z ##[group]Initializing the repository
collect-and-deploy	Run actions/checkout@v4	2026-10-05T05:02:40.2714681Z [command]/usr/bin/git init /home/runner/work/fuelwatch-ph/fuelwatch-ph
collect-and-deploy	Run actions/checkout@v4	2026-10-05T05:02:40.2798219Z hint: Using 'master' as the name for the initial branch. This default branch name
collect-and-deploy	Run actions/checkout@v4	2026-10-05T05:02:40.2800230Z hint: will change to "main" in Git 3.0. To configure the initial branch name
collect-and-deploy	Run actions/checkout@v4	2026-10-05T05:02:40.2801753Z hint: to use in all of your new repositories, which will suppress this warning,
collect-and-deploy	Run actions/checkout@v4	2026-10-05T05:02:40.2803172Z hint: call:
collect-and-deploy	Run actions/checkout@v4	2026-10-05T05:02:40.2804020Z hint:
collect-and-deploy	Run actions/checkout@v4	2026-10-05T05:02:40.2804849Z hint: 	git config --global init.defaultBranch <name>
collect-and-deploy	Run actions/checkout@v4	2026-10-05T05:02:40.2805814Z hint:
collect-and-deploy	Run actions/checkout@v4	2026-10-05T05:02:40.2806728Z hint: Names commonly chosen instead of 'master' are 'main', 'trunk' and
collect-and-deploy	Run actions/checkout@v4	2026-10-05T05:02:40.2808179Z hint: 'development'. The just-created branch can be renamed via this command:
collect-and-deploy	Run actions/checkout@v4	2026-10-05T05:02:40.2809323Z hint:
collect-and-deploy	Run actions/checkout@v4	2026-10-05T05:02:40.2809998Z hint: 	git branch -m <name>
collect-and-deploy	Run actions/checkout@v4	2026-10-05T05:02:40.2810746Z hint:
collect-and-deploy	Run actions/checkout@v4	2026-10-05T05:02:40.2811719Z hint: Disable this message with "git config set advice.defaultBranchName false"
collect-and-deploy	Run actions/checkout@v4	2026-10-05T05:02:40.2817569Z Initialized empty Git repository in /home/runner/work/fuelwatch-ph/fuelwatch-ph/.git/
collect-and-deploy	Run actions/checkout@v4	2026-10-05T05:02:40.2826201Z [command]/usr/bin/git remote add origin https://github.com/jyb635050-ai/fuelwatch-ph
collect-and-deploy	Run actions/checkout@v4	2026-10-05T05:02:40.2875970Z ##[endgroup]
collect-and-deploy	Run actions/checkout@v4	2026-10-05T05:02:40.2877822Z ##[group]Disabling automatic garbage collection
collect-and-deploy	Run actions/checkout@v4	2026-10-05T05:02:40.2879449Z [command]/usr/bin/git config --local gc.auto 0
collect-and-deploy	Run actions/checkout@v4	2026-10-05T05:02:40.2907041Z ##[endgroup]
collect-and-deploy	Run actions/checkout@v4	2026-10-05T05:02:40.2908764Z ##[group]Setting up auth
collect-and-deploy	Run actions/checkout@v4	2026-10-05T05:02:40.2911412Z [command]/usr/bin/git config --local --name-only --get-regexp core\.sshCommand
collect-and-deploy	Run actions/checkout@v4	2026-10-05T05:02:40.2940103Z [command]/usr/bin/git submodule foreach --recursive sh -c "git config --local --name-only --get-regexp 'core\.sshCommand' && git config --local --unset-all 'core.sshCommand' || :"
collect-and-deploy	Run actions/checkout@v4	2026-10-05T05:02:40.3265789Z [command]/usr/bin/git config --local --name-only --get-regexp http\.https\:\/\/github\.com\/\.extraheader
collect-and-deploy	Run actions/checkout@v4	2026-10-05T05:02:40.3297209Z [command]/usr/bin/git submodule foreach --recursive sh -c "git config --local --name-only --get-regexp 'http\.https\:\/\/github\.com\/\.extraheader' && git config --local --unset-all 'http.https://github.com/.extraheader' || :"
collect-and-deploy	Run actions/checkout@v4	2026-10-05T05:02:40.3484760Z [command]/usr/bin/git config --local --name-only --get-regexp ^includeIf\.gitdir:
collect-and-deploy	Run actions/checkout@v4	2026-10-05T05:02:40.3514495Z [command]/usr/bin/git submodule foreach --recursive git config --local --show-origin --name-only --get-regexp remote.origin.url
collect-and-deploy	Run actions/checkout@v4	2026-10-05T05:02:40.3704751Z [command]/usr/bin/git config --local http.https://github.com/.extraheader AUTHORIZATION: basic ***
collect-and-deploy	Run actions/checkout@v4	2026-10-05T05:02:40.3740421Z ##[endgroup]
collect-and-deploy	Run actions/checkout@v4	2026-10-05T05:02:40.3741685Z ##[group]Fetching the repository
collect-and-deploy	Run actions/checkout@v4	2026-10-05T05:02:40.3748242Z [command]/usr/bin/git -c protocol.version=2 fetch --no-tags --prune --no-recurse-submodules --depth=1 origin +fb88bee52ce1ad87873e7469787f7bd34b028dac:refs/remotes/origin/main
collect-and-deploy	Run actions/checkout@v4	2026-10-05T05:02:41.2780871Z From https://github.com/jyb635050-ai/fuelwatch-ph
collect-and-deploy	Run actions/checkout@v4	2026-10-05T05:02:41.2782481Z  * [new ref]         fb88bee52ce1ad87873e7469787f7bd34b028dac -> origin/main
collect-and-deploy	Run actions/checkout@v4	2026-10-05T05:02:41.2784508Z ##[endgroup]
collect-and-deploy	Run actions/checkout@v4	2026-10-05T05:02:41.2786572Z ##[group]Determining the checkout info
collect-and-deploy	Run actions/checkout@v4	2026-10-05T05:02:41.2791731Z ##[endgroup]
collect-and-deploy	Run actions/checkout@v4	2026-10-05T05:02:41.2792873Z [command]/usr/bin/git sparse-checkout disable
collect-and-deploy	Run actions/checkout@v4	2026-10-05T05:02:41.2839927Z [command]/usr/bin/git config --local --unset-all extensions.worktreeConfig
collect-and-deploy	Run actions/checkout@v4	2026-10-05T05:02:41.2875323Z ##[group]Checking out the ref
collect-and-deploy	Run actions/checkout@v4	2026-10-05T05:02:41.2878898Z [command]/usr/bin/git checkout --progress --force -B main refs/remotes/origin/main
collect-and-deploy	Run actions/checkout@v4	2026-10-05T05:02:41.3318375Z Switched to a new branch 'main'
collect-and-deploy	Run actions/checkout@v4	2026-10-05T05:02:41.3321667Z branch 'main' set up to track 'origin/main'.
collect-and-deploy	Run actions/checkout@v4	2026-10-05T05:02:41.3328185Z ##[endgroup]
collect-and-deploy	Run actions/checkout@v4	2026-10-05T05:02:41.3368547Z [command]/usr/bin/git log -1 --format=%H
collect-and-deploy	Run actions/checkout@v4	2026-10-05T05:02:41.3391861Z fb88bee52ce1ad87873e7469787f7bd34b028dac
collect-and-deploy	Run actions/setup-node@v4	﻿2026-10-05T05:02:41.3617357Z ##[group]Run actions/setup-node@v4
collect-and-deploy	Run actions/setup-node@v4	2026-10-05T05:02:41.3617669Z with:
collect-and-deploy	Run actions/setup-node@v4	2026-10-05T05:02:41.3617873Z   node-version: 24
collect-and-deploy	Run actions/setup-node@v4	2026-10-05T05:02:41.3618092Z   always-auth: false
collect-and-deploy	Run actions/setup-node@v4	2026-10-05T05:02:41.3618314Z   check-latest: false
collect-and-deploy	Run actions/setup-node@v4	2026-10-05T05:02:41.3620216Z   token: ***
collect-and-deploy	Run actions/setup-node@v4	2026-10-05T05:02:41.3620432Z ##[endgroup]
collect-and-deploy	Run actions/setup-node@v4	2026-10-05T05:02:41.4745422Z Found in cache @ /opt/hostedtoolcache/node/24.21.0/x64
collect-and-deploy	Run actions/setup-node@v4	2026-10-05T05:02:41.4749431Z (node:2086) [DEP0040] DeprecationWarning: The `punycode` module is deprecated. Please use a userland alternative instead.
collect-and-deploy	Run actions/setup-node@v4	2026-10-05T05:02:41.4750055Z (Use `node --trace-deprecation ...` to show where the warning was created)
collect-and-deploy	Run actions/setup-node@v4	2026-10-05T05:02:41.4752126Z ##[group]Environment details
collect-and-deploy	Run actions/setup-node@v4	2026-10-05T05:02:41.8057975Z node: v24.21.0
collect-and-deploy	Run actions/setup-node@v4	2026-10-05T05:02:41.8058384Z npm: 11.19.0
collect-and-deploy	Run actions/setup-node@v4	2026-10-05T05:02:41.8060348Z yarn: 1.22.22
collect-and-deploy	Run actions/setup-node@v4	2026-10-05T05:02:41.8061357Z ##[endgroup]
collect-and-deploy	Install PDF reader inside this project only	﻿2026-10-05T05:02:41.8191829Z ##[group]Run python -m pip install --target .utility-deps pypdf==6.10.0
collect-and-deploy	Install PDF reader inside this project only	2026-10-05T05:02:41.8192599Z ^[[36;1mpython -m pip install --target .utility-deps pypdf==6.10.0^[[0m
collect-and-deploy	Install PDF reader inside this project only	2026-10-05T05:02:41.8420902Z shell: /usr/bin/bash -e {0}
collect-and-deploy	Install PDF reader inside this project only	2026-10-05T05:02:41.8421170Z ##[endgroup]
collect-and-deploy	Install PDF reader inside this project only	2026-10-05T05:02:44.8507987Z Collecting pypdf==6.10.0
collect-and-deploy	Install PDF reader inside this project only	2026-10-05T05:02:44.8843697Z   Downloading pypdf-6.10.0-py3-none-any.whl.metadata (7.1 kB)
collect-and-deploy	Install PDF reader inside this project only	2026-10-05T05:02:44.8982431Z Downloading pypdf-6.10.0-py3-none-any.whl (334 kB)
collect-and-deploy	Install PDF reader inside this project only	2026-10-05T05:02:44.9121353Z    ━━━━━━━━━━━━━━━━━━━━━━━━━━━━━━━━━━━━━━━━ 334.5/334.5 kB 27.4 MB/s eta 0:00:00
collect-and-deploy	Install PDF reader inside this project only	2026-10-05T05:02:45.1526717Z Installing collected packages: pypdf
collect-and-deploy	Install PDF reader inside this project only	2026-10-05T05:02:45.3301491Z Successfully installed pypdf-6.10.0
collect-and-deploy	Collect dated official references and explicit source failures	﻿2026-10-05T05:02:45.3774926Z ##[group]Run python tools/fetch_utilities.py
collect-and-deploy	Collect dated official references and explicit source failures	2026-10-05T05:02:45.3775276Z ^[[36;1mpython tools/fetch_utilities.py^[[0m
collect-and-deploy	Collect dated official references and explicit source failures	2026-10-05T05:02:45.3775539Z ^[[36;1mpython tools/fetch_network.py^[[0m
collect-and-deploy	Collect dated official references and explicit source failures	2026-10-05T05:02:45.3830398Z shell: /usr/bin/bash -e {0}
collect-and-deploy	Collect dated official references and explicit source failures	2026-10-05T05:02:45.3830633Z ##[endgroup]
collect-and-deploy	Collect dated official references and explicit source failures	2026-10-05T05:02:55.1921250Z {"checked_at": "2026-10-05", "categories": [{"id": "water", "status": "reference", "observations": [{"provider": "Maynilad", "region": "Greater Manila West Zone", "value": 52.86, "unit": "PHP/m³", "as_of": "2026-10-01", "scope": "Average basic charge in dated FCDA notice; excludes bill-specific additions", "source_url": "https://www.mayniladwater.com.ph/notice-to-maynilad-customers-foreign-currency-differential-adjustment-fcda-effective-october-1-2026/"}]}, {"id": "electricity", "status": "historical", "observations": [{"provider": "Meralco", "region": "Meralco service area", "value": 14.7424, "unit": "PHP/kWh", "as_of": "2026-09-11", "scope": "Typical residential overall rate; business tariff unverified", "source_url": "https://meralcomain.s3.ap-southeast-1.amazonaws.com/2026-09/english_press_release-_meralco_september_2026_rates.pdf"}]}, {"id": "lpg", "status": "historical", "observations": [{"provider": "DOE NCR survey", "region": "NCR", "min": 1025.0, "max": 1535.0, "common": 1341.0, "unit": "PHP / 11 kg cylinder", "as_of": "2026-09-01", "period_end": "2026-09-07", "scope": "Household 11 kg LPG survey; not natural gas", "source_url": "https://d24qbtp4vooyzi.cloudfront.net/api/media/file/NCR%20September%202026%20LPG%20Price%20Monitoring.pdf?prefix=dev%2Fmedia"}]}]}
collect-and-deploy	Collect dated official references and explicit source failures	2026-10-05T05:02:56.8123714Z {"rows": 19, "providers": [{"provider": "PLDT", "source_url": "https://www.pldthome.com/internet", "checked_at": "2026-10-05", "status": "fetch-failed", "error": "Unique Fiber Unli comparison table missing"}, {"provider": "Globe", "source_url": "https://gfiberprepaid.globe.com.ph/", "checked_at": "2026-10-05", "status": "observed"}, {"provider": "Converge", "source_url": "https://www.convergeict.com/super-fiberx", "checked_at": "2026-10-05", "status": "fetch-failed", "error": "Command '['curl', '-f', '-sS', '-L', '--retry', '1', '--max-time', '30', 'https://www.convergeict.com/super-fiberx']' returned non-zero exit status 22."}, {"provider": "Smart", "source_url": "https://store.smart.com.ph/smart-bro/power-all-99/1601900800.html", "checked_at": "2026-10-05", "status": "observed"}, {"provider": "DITO", "source_url": "https://dito.ph/prepaid/level-up", "checked_at": "2026-10-05", "status": "observed"}]}
collect-and-deploy	Validate original frozen acceptance	﻿2026-10-05T05:02:56.8208830Z ##[group]Run node tools/validate_utilities.mjs
collect-and-deploy	Validate original frozen acceptance	2026-10-05T05:02:56.8209150Z ^[[36;1mnode tools/validate_utilities.mjs^[[0m
collect-and-deploy	Validate original frozen acceptance	2026-10-05T05:02:56.8209395Z ^[[36;1mnode tools/validate_network.mjs^[[0m
collect-and-deploy	Validate original frozen acceptance	2026-10-05T05:02:56.8209630Z ^[[36;1mnode docs/acceptance.mjs all^[[0m
collect-and-deploy	Validate original frozen acceptance	2026-10-05T05:02:56.8265115Z shell: /usr/bin/bash -e {0}
collect-and-deploy	Validate original frozen acceptance	2026-10-05T05:02:56.8265342Z ##[endgroup]
collect-and-deploy	Validate original frozen acceptance	2026-10-05T05:02:56.8581634Z PASS utilities: 3 separate categories; official source hosts; dated observations; tariff classes explicit; unavailable natural gas removed
collect-and-deploy	Validate original frozen acceptance	2026-10-05T05:02:56.8851124Z PASS network: 19 dated official offers; 5 provider checks; billing periods distinct; no inferred effective dates
collect-and-deploy	Validate original frozen acceptance	2026-10-05T05:02:56.9372474Z PASS stations: total=10842 >=10500; missing_coordinates=0; brands=40 <=40; no case variants
collect-and-deploy	Validate original frozen acceptance	2026-10-05T05:02:56.9380423Z PASS prices: rows=18 >=15; source_url=http; as_of=2026-09-29 within 21 days; duplicates=0 (data/prices.json)
collect-and-deploy	Validate original frozen acceptance	2026-10-05T05:02:56.9386072Z PASS page: openfreemap; clustered stations; no Marker; 非该站实测; dated history
collect-and-deploy	Retain observed source history	﻿2026-10-05T05:02:56.9458681Z ##[group]Run git add data/utility-prices.json data/utility-bundle.js data/utility-snapshots data/network-prices.json data/network-bundle.js data/network-snapshots
collect-and-deploy	Retain observed source history	2026-10-05T05:02:56.9459592Z ^[[36;1mgit add data/utility-prices.json data/utility-bundle.js data/utility-snapshots data/network-prices.json data/network-bundle.js data/network-snapshots^[[0m
collect-and-deploy	Retain observed source history	2026-10-05T05:02:56.9460145Z ^[[36;1mif ! git diff --cached --quiet; then^[[0m
collect-and-deploy	Retain observed source history	2026-10-05T05:02:56.9460724Z ^[[36;1m  git -c user.name='github-actions[bot]' -c user.email='41898282+github-actions[bot]@users.noreply.github.com' commit -m 'Monitor dated official utility references'^[[0m
collect-and-deploy	Retain observed source history	2026-10-05T05:02:56.9461306Z ^[[36;1m  git push^[[0m
collect-and-deploy	Retain observed source history	2026-10-05T05:02:56.9461498Z ^[[36;1mfi^[[0m
collect-and-deploy	Retain observed source history	2026-10-05T05:02:56.9516184Z shell: /usr/bin/bash -e {0}
collect-and-deploy	Retain observed source history	2026-10-05T05:02:56.9516407Z ##[endgroup]
collect-and-deploy	Retain observed source history	2026-10-05T05:02:56.9961810Z [main 1e25a05] Monitor dated official utility references
collect-and-deploy	Retain observed source history	2026-10-05T05:02:56.9962710Z  2 files changed, 14 insertions(+), 12 deletions(-)
collect-and-deploy	Retain observed source history	2026-10-05T05:02:57.8742848Z To https://github.com/jyb635050-ai/fuelwatch-ph
collect-and-deploy	Retain observed source history	2026-10-05T05:02:57.8743493Z    fb88bee..1e25a05  main -> main
collect-and-deploy	Prepare complete static client	﻿2026-10-05T05:02:57.8832561Z ##[group]Run mkdir -p .site/data
collect-and-deploy	Prepare complete static client	2026-10-05T05:02:57.8833004Z ^[[36;1mmkdir -p .site/data^[[0m
collect-and-deploy	Prepare complete static client	2026-10-05T05:02:57.8833533Z ^[[36;1mcp index.html upgrade.css upgrade.js network.css network.js presyo-icon.svg .site/^[[0m
collect-and-deploy	Prepare complete static client	2026-10-05T05:02:57.8834700Z ^[[36;1mcp data/stations.json data/prices.json data/history.json data/bundle.js data/utility-bundle.js data/utility-prices.json data/network-bundle.js data/network-prices.json .site/data/^[[0m
collect-and-deploy	Prepare complete static client	2026-10-05T05:02:57.8891941Z shell: /usr/bin/bash -e {0}
collect-and-deploy	Prepare complete static client	2026-10-05T05:02:57.8892301Z ##[endgroup]
collect-and-deploy	Run actions/configure-pages@v5	﻿2026-10-05T05:02:57.9041738Z ##[group]Run actions/configure-pages@v5
collect-and-deploy	Run actions/configure-pages@v5	2026-10-05T05:02:57.9042152Z with:
collect-and-deploy	Run actions/configure-pages@v5	2026-10-05T05:02:57.9043935Z   token: ***
collect-and-deploy	Run actions/configure-pages@v5	2026-10-05T05:02:57.9044110Z   enablement: false
collect-and-deploy	Run actions/configure-pages@v5	2026-10-05T05:02:57.9044291Z ##[endgroup]
collect-and-deploy	Run actions/upload-pages-artifact@v3	﻿2026-10-05T05:02:58.1325685Z ##[group]Run actions/upload-pages-artifact@v3
collect-and-deploy	Run actions/upload-pages-artifact@v3	2026-10-05T05:02:58.1325972Z with:
collect-and-deploy	Run actions/upload-pages-artifact@v3	2026-10-05T05:02:58.1326154Z   path: .site
collect-and-deploy	Run actions/upload-pages-artifact@v3	2026-10-05T05:02:58.1326331Z   name: github-pages
collect-and-deploy	Run actions/upload-pages-artifact@v3	2026-10-05T05:02:58.1326518Z   retention-days: 1
collect-and-deploy	Run actions/upload-pages-artifact@v3	2026-10-05T05:02:58.1326689Z env:
collect-and-deploy	Run actions/upload-pages-artifact@v3	2026-10-05T05:02:58.1326848Z   GITHUB_PAGES: true
collect-and-deploy	Run actions/upload-pages-artifact@v3	2026-10-05T05:02:58.1327028Z ##[endgroup]
collect-and-deploy	Run actions/upload-pages-artifact@v3	2026-10-05T05:02:58.1374687Z ##[start-action display=Archive artifact;id=__actions_upload-pages-artifact.__run]
collect-and-deploy	Run actions/upload-pages-artifact@v3	2026-10-05T05:02:58.1396161Z ##[group]Run echo ::group::Archive artifact
collect-and-deploy	Run actions/upload-pages-artifact@v3	2026-10-05T05:02:58.1396482Z ^[[36;1mecho ::group::Archive artifact^[[0m
collect-and-deploy	Run actions/upload-pages-artifact@v3	2026-10-05T05:02:58.1396714Z ^[[36;1mtar \^[[0m
collect-and-deploy	Run actions/upload-pages-artifact@v3	2026-10-05T05:02:58.1397099Z ^[[36;1m  --dereference --hard-dereference \^[[0m
collect-and-deploy	Run actions/upload-pages-artifact@v3	2026-10-05T05:02:58.1397367Z ^[[36;1m  --directory "$INPUT_PATH" \^[[0m
collect-and-deploy	Run actions/upload-pages-artifact@v3	2026-10-05T05:02:58.1397625Z ^[[36;1m  -cvf "$RUNNER_TEMP/artifact.tar" \^[[0m
collect-and-deploy	Run actions/upload-pages-artifact@v3	2026-10-05T05:02:58.1397885Z ^[[36;1m  --exclude=.git \^[[0m
collect-and-deploy	Run actions/upload-pages-artifact@v3	2026-10-05T05:02:58.1398099Z ^[[36;1m  --exclude=.github \^[[0m
collect-and-deploy	Run actions/upload-pages-artifact@v3	2026-10-05T05:02:58.1398330Z ^[[36;1m  .^[[0m
collect-and-deploy	Run actions/upload-pages-artifact@v3	2026-10-05T05:02:58.1398510Z ^[[36;1mecho ::endgroup::^[[0m
collect-and-deploy	Run actions/upload-pages-artifact@v3	2026-10-05T05:02:58.1421237Z shell: /usr/bin/sh -e {0}
collect-and-deploy	Run actions/upload-pages-artifact@v3	2026-10-05T05:02:58.1421452Z env:
collect-and-deploy	Run actions/upload-pages-artifact@v3	2026-10-05T05:02:58.1421627Z   GITHUB_PAGES: true
collect-and-deploy	Run actions/upload-pages-artifact@v3	2026-10-05T05:02:58.1421826Z   INPUT_PATH: .site
collect-and-deploy	Run actions/upload-pages-artifact@v3	2026-10-05T05:02:58.1422198Z ##[endgroup]
collect-and-deploy	Run actions/upload-pages-artifact@v3	2026-10-05T05:02:58.1456238Z ##[group]Archive artifact
collect-and-deploy	Run actions/upload-pages-artifact@v3	2026-10-05T05:02:58.1469971Z ./
collect-and-deploy	Run actions/upload-pages-artifact@v3	2026-10-05T05:02:58.1470264Z ./upgrade.js
collect-and-deploy	Run actions/upload-pages-artifact@v3	2026-10-05T05:02:58.1470591Z ./presyo-icon.svg
collect-and-deploy	Run actions/upload-pages-artifact@v3	2026-10-05T05:02:58.1470875Z ./network.js
collect-and-deploy	Run actions/upload-pages-artifact@v3	2026-10-05T05:02:58.1471144Z ./network.css
collect-and-deploy	Run actions/upload-pages-artifact@v3	2026-10-05T05:02:58.1471402Z ./index.html
collect-and-deploy	Run actions/upload-pages-artifact@v3	2026-10-05T05:02:58.1471674Z ./data/
collect-and-deploy	Run actions/upload-pages-artifact@v3	2026-10-05T05:02:58.1471981Z ./data/network-bundle.js
collect-and-deploy	Run actions/upload-pages-artifact@v3	2026-10-05T05:02:58.1472450Z ./data/history.json
collect-and-deploy	Run actions/upload-pages-artifact@v3	2026-10-05T05:02:58.1472746Z ./data/prices.json
collect-and-deploy	Run actions/upload-pages-artifact@v3	2026-10-05T05:02:58.1473068Z ./data/utility-prices.json
collect-and-deploy	Run actions/upload-pages-artifact@v3	2026-10-05T05:02:58.1473388Z ./data/bundle.js
collect-and-deploy	Run actions/upload-pages-artifact@v3	2026-10-05T05:02:58.1481343Z ./data/utility-bundle.js
collect-and-deploy	Run actions/upload-pages-artifact@v3	2026-10-05T05:02:58.1481649Z ./data/network-prices.json
collect-and-deploy	Run actions/upload-pages-artifact@v3	2026-10-05T05:02:58.1491546Z ./data/stations.json
collect-and-deploy	Run actions/upload-pages-artifact@v3	2026-10-05T05:02:58.1491854Z ./upgrade.css
collect-and-deploy	Run actions/upload-pages-artifact@v3	2026-10-05T05:02:58.1492437Z ##[endgroup]
collect-and-deploy	Run actions/upload-pages-artifact@v3	2026-10-05T05:02:58.1500056Z ##[end-action id=__actions_upload-pages-artifact.__run;outcome=success;conclusion=success;duration_ms=12]
collect-and-deploy	Run actions/upload-pages-artifact@v3	2026-10-05T05:02:58.1502718Z ##[start-action display=Archive artifact;id=__actions_upload-pages-artifact.__run_2]
collect-and-deploy	Run actions/upload-pages-artifact@v3	2026-10-05T05:02:58.1506806Z ##[end-action id=__actions_upload-pages-artifact.__run_2;outcome=skipped;conclusion=skipped;duration_ms=0]
collect-and-deploy	Run actions/upload-pages-artifact@v3	2026-10-05T05:02:58.1508890Z ##[start-action display=Archive artifact;id=__actions_upload-pages-artifact.__run_3]
collect-and-deploy	Run actions/upload-pages-artifact@v3	2026-10-05T05:02:58.1511673Z ##[end-action id=__actions_upload-pages-artifact.__run_3;outcome=skipped;conclusion=skipped;duration_ms=0]
collect-and-deploy	Run actions/upload-pages-artifact@v3	2026-10-05T05:02:58.1513484Z ##[start-action display=Upload artifact;id=__actions_upload-pages-artifact.upload-artifact]
collect-and-deploy	Run actions/upload-pages-artifact@v3	2026-10-05T05:02:58.1554649Z ##[group]Run actions/upload-artifact@v4
collect-and-deploy	Run actions/upload-pages-artifact@v3	2026-10-05T05:02:58.1554891Z with:
collect-and-deploy	Run actions/upload-pages-artifact@v3	2026-10-05T05:02:58.1555064Z   name: github-pages
collect-and-deploy	Run actions/upload-pages-artifact@v3	2026-10-05T05:02:58.1555287Z   path: /home/runner/work/_temp/artifact.tar
collect-and-deploy	Run actions/upload-pages-artifact@v3	2026-10-05T05:02:58.1555529Z   retention-days: 1
collect-and-deploy	Run actions/upload-pages-artifact@v3	2026-10-05T05:02:58.1555723Z   if-no-files-found: error
collect-and-deploy	Run actions/upload-pages-artifact@v3	2026-10-05T05:02:58.1555927Z   compression-level: 6
collect-and-deploy	Run actions/upload-pages-artifact@v3	2026-10-05T05:02:58.1556112Z   overwrite: false
collect-and-deploy	Run actions/upload-pages-artifact@v3	2026-10-05T05:02:58.1556303Z   include-hidden-files: false
collect-and-deploy	Run actions/upload-pages-artifact@v3	2026-10-05T05:02:58.1556499Z env:
collect-and-deploy	Run actions/upload-pages-artifact@v3	2026-10-05T05:02:58.1556663Z   GITHUB_PAGES: true
collect-and-deploy	Run actions/upload-pages-artifact@v3	2026-10-05T05:02:58.1556844Z ##[endgroup]
collect-and-deploy	Run actions/upload-pages-artifact@v3	2026-10-05T05:02:58.2857127Z (node:2241) [DEP0040] DeprecationWarning: The `punycode` module is deprecated. Please use a userland alternative instead.
collect-and-deploy	Run actions/upload-pages-artifact@v3	2026-10-05T05:02:58.2857832Z (Use `node --trace-deprecation ...` to show where the warning was created)
collect-and-deploy	Run actions/upload-pages-artifact@v3	2026-10-05T05:02:58.2892988Z With the provided path, there will be 1 file uploaded
collect-and-deploy	Run actions/upload-pages-artifact@v3	2026-10-05T05:02:58.2906062Z Artifact name is valid!
collect-and-deploy	Run actions/upload-pages-artifact@v3	2026-10-05T05:02:58.2906774Z Root directory input is valid!
collect-and-deploy	Run actions/upload-pages-artifact@v3	2026-10-05T05:02:58.4755314Z Beginning upload of artifact content to blob storage
collect-and-deploy	Run actions/upload-pages-artifact@v3	2026-10-05T05:02:58.5403916Z (node:2241) [DEP0169] DeprecationWarning: `url.parse()` behavior is not standardized and prone to errors that have security implications. Use the WHATWG URL API instead. CVEs are not issued for `url.parse()` vulnerabilities.
collect-and-deploy	Run actions/upload-pages-artifact@v3	2026-10-05T05:02:58.6352917Z Uploaded bytes 484126
collect-and-deploy	Run actions/upload-pages-artifact@v3	2026-10-05T05:02:58.6511137Z Finished uploading artifact content to blob storage!
collect-and-deploy	Run actions/upload-pages-artifact@v3	2026-10-05T05:02:58.6512493Z SHA256 digest of uploaded artifact zip is 634bfa653052f2aa014e4b91ba1ad83080cd9f6d25b48fb3ebbe48625b098c56
collect-and-deploy	Run actions/upload-pages-artifact@v3	2026-10-05T05:02:58.6515543Z Finalizing artifact upload
collect-and-deploy	Run actions/upload-pages-artifact@v3	2026-10-05T05:02:58.8524646Z Artifact github-pages.zip successfully finalized. Artifact ID 11326252427
collect-and-deploy	Run actions/upload-pages-artifact@v3	2026-10-05T05:02:58.8526165Z Artifact github-pages has been successfully uploaded! Final size is 484126 bytes. Artifact ID is 11326252427
collect-and-deploy	Run actions/upload-pages-artifact@v3	2026-10-05T05:02:58.8529732Z Artifact download URL: https://github.com/jyb635050-ai/fuelwatch-ph/actions/runs/37266043025/artifacts/11326252427
collect-and-deploy	Run actions/upload-pages-artifact@v3	2026-10-05T05:02:58.8627925Z ##[end-action id=__actions_upload-pages-artifact.upload-artifact;outcome=success;conclusion=success;duration_ms=711]
collect-and-deploy	Publish complete client	﻿2026-10-05T05:02:58.8689159Z ##[group]Run actions/deploy-pages@v4
collect-and-deploy	Publish complete client	2026-10-05T05:02:58.8689401Z with:
collect-and-deploy	Publish complete client	2026-10-05T05:02:58.8691150Z   token: ***
collect-and-deploy	Publish complete client	2026-10-05T05:02:58.8691336Z   timeout: 600000
collect-and-deploy	Publish complete client	2026-10-05T05:02:58.8691512Z   error_count: 10
collect-and-deploy	Publish complete client	2026-10-05T05:02:58.8691700Z   reporting_interval: 5000
collect-and-deploy	Publish complete client	2026-10-05T05:02:58.8691914Z   artifact_name: github-pages
collect-and-deploy	Publish complete client	2026-10-05T05:02:58.8692334Z   preview: false
collect-and-deploy	Publish complete client	2026-10-05T05:02:58.8692514Z env:
collect-and-deploy	Publish complete client	2026-10-05T05:02:58.8692683Z   GITHUB_PAGES: true
collect-and-deploy	Publish complete client	2026-10-05T05:02:58.8692879Z ##[endgroup]
collect-and-deploy	Publish complete client	2026-10-05T05:02:59.0114993Z (node:2253) [DEP0040] DeprecationWarning: The `punycode` module is deprecated. Please use a userland alternative instead.
collect-and-deploy	Publish complete client	2026-10-05T05:02:59.0115853Z (Use `node --trace-deprecation ...` to show where the warning was created)
collect-and-deploy	Publish complete client	2026-10-05T05:02:59.0739652Z Fetching artifact metadata for "github-pages" in this workflow run
collect-and-deploy	Publish complete client	2026-10-05T05:02:59.1832893Z Found 1 artifact(s)
collect-and-deploy	Publish complete client	2026-10-05T05:02:59.1834286Z Creating Pages deployment with payload:
collect-and-deploy	Publish complete client	2026-10-05T05:02:59.1834841Z {
collect-and-deploy	Publish complete client	2026-10-05T05:02:59.1835279Z 	"artifact_id": 11326252427,
collect-and-deploy	Publish complete client	2026-10-05T05:02:59.1836211Z 	"pages_build_version": "fb88bee52ce1ad87873e7469787f7bd34b028dac",
collect-and-deploy	Publish complete client	2026-10-05T05:02:59.1893702Z 	"oidc_token": "***"
collect-and-deploy	Publish complete client	2026-10-05T05:02:59.1894256Z }
collect-and-deploy	Publish complete client	2026-10-05T05:02:59.8403727Z Created deployment for fb88bee52ce1ad87873e7469787f7bd34b028dac, ID: fb88bee52ce1ad87873e7469787f7bd34b028dac
collect-and-deploy	Publish complete client	2026-10-05T05:03:04.8408027Z Getting Pages deployment status...
collect-and-deploy	Publish complete client	2026-10-05T05:03:04.9799915Z Reported success!
collect-and-deploy	Post Run actions/setup-node@v4	﻿2026-10-05T05:03:04.9983720Z Post job cleanup.
collect-and-deploy	Post Run actions/setup-node@v4	2026-10-05T05:03:05.0923736Z (node:2265) [DEP0040] DeprecationWarning: The `punycode` module is deprecated. Please use a userland alternative instead.
collect-and-deploy	Post Run actions/setup-node@v4	2026-10-05T05:03:05.0924483Z (Use `node --trace-deprecation ...` to show where the warning was created)
collect-and-deploy	Post Run actions/checkout@v4	﻿2026-10-05T05:03:05.1058406Z Post job cleanup.
collect-and-deploy	Post Run actions/checkout@v4	2026-10-05T05:03:05.1778076Z [command]/usr/bin/git version
collect-and-deploy	Post Run actions/checkout@v4	2026-10-05T05:03:05.1811829Z git version 2.55.0
collect-and-deploy	Post Run actions/checkout@v4	2026-10-05T05:03:05.1840012Z Temporarily overriding HOME='/home/runner/work/_temp/81306ba0-6678-4eab-b3f0-7e293d1077a5' before making global git config changes
collect-and-deploy	Post Run actions/checkout@v4	2026-10-05T05:03:05.1841220Z Adding repository directory to the temporary git global config as a safe directory
collect-and-deploy	Post Run actions/checkout@v4	2026-10-05T05:03:05.1843836Z [command]/usr/bin/git config --global --add safe.directory /home/runner/work/fuelwatch-ph/fuelwatch-ph
collect-and-deploy	Post Run actions/checkout@v4	2026-10-05T05:03:05.1876047Z [command]/usr/bin/git config --local --name-only --get-regexp core\.sshCommand
collect-and-deploy	Post Run actions/checkout@v4	2026-10-05T05:03:05.1909531Z [command]/usr/bin/git submodule foreach --recursive sh -c "git config --local --name-only --get-regexp 'core\.sshCommand' && git config --local --unset-all 'core.sshCommand' || :"
collect-and-deploy	Post Run actions/checkout@v4	2026-10-05T05:03:05.2109642Z [command]/usr/bin/git config --local --name-only --get-regexp http\.https\:\/\/github\.com\/\.extraheader
collect-and-deploy	Post Run actions/checkout@v4	2026-10-05T05:03:05.2133971Z http.https://github.com/.extraheader
collect-and-deploy	Post Run actions/checkout@v4	2026-10-05T05:03:05.2142675Z [command]/usr/bin/git config --local --unset-all http.https://github.com/.extraheader
collect-and-deploy	Post Run actions/checkout@v4	2026-10-05T05:03:05.2170667Z [command]/usr/bin/git submodule foreach --recursive sh -c "git config --local --name-only --get-regexp 'http\.https\:\/\/github\.com\/\.extraheader' && git config --local --unset-all 'http.https://github.com/.extraheader' || :"
collect-and-deploy	Post Run actions/checkout@v4	2026-10-05T05:03:05.2378699Z [command]/usr/bin/git config --local --name-only --get-regexp ^includeIf\.gitdir:
collect-and-deploy	Post Run actions/checkout@v4	2026-10-05T05:03:05.2409673Z [command]/usr/bin/git submodule foreach --recursive git config --local --show-origin --name-only --get-regexp remote.origin.url
collect-and-deploy	Complete job	﻿2026-10-05T05:03:05.2733396Z Evaluate and set environment url
collect-and-deploy	Complete job	2026-10-05T05:03:05.2736849Z Evaluated environment url: https://jyb635050-ai.github.io/fuelwatch-ph/
collect-and-deploy	Complete job	2026-10-05T05:03:05.2738072Z Cleaning up orphan processes
collect-and-deploy	Complete job	2026-10-05T05:03:05.2982245Z ##[warning]Node.js 20 is deprecated. The following actions target Node.js 20 but are being forced to run on Node.js 24: actions/checkout@v4, actions/configure-pages@v5, actions/deploy-pages@v4, actions/setup-node@v4, actions/upload-artifact@v4. For more information see: https://github.blog/changelog/2025-09-19-deprecation-of-node-20-on-github-actions-runners/
